






> 1. LVM（Logical Volume Manager）是Linux下的逻辑卷管理器，它可以把多个硬盘分区或者整个硬盘作为一个卷组（Volume Group）来管理，再从卷组中划分出逻辑卷（Logical Volume），从而实现对逻辑卷（Logical Volume）的创建、删除、扩展等操作。并将这些逻辑卷格式化并挂载到文件系统上使用。这种方式能够在不影响数据的情况下对磁盘空间进行动态管理和调整。
> 2. LVM的优点在于可以灵活地管理硬盘空间，提高数据的可用性和可靠性，同时还可以实现动态扩容和在线热迁移等高级功能。

## 1.原理

> LVM的基本原理是将物理卷（硬盘、分区、RAID阵列等）划分为若干个物理区域（Physical Extents），再将这些物理区域组成卷组（Volume Group）。卷组是LVM中的基本管理单元，它可以动态地增加、删除物理卷，以及调整物理卷和逻辑卷的大小。
>
> 在卷组中，LVM可以划分出逻辑卷（Logical Volume），并将这些逻辑卷格式化为文件系统并挂载到目录上。逻辑卷可以动态地调整大小，而不需要重建文件系统或拷贝数据。

> LVM的主要思路是将物理卷抽象成卷组，将卷组抽象成逻辑卷，从而实现灵活的磁盘空间管理。LVM提供了很多高级功能，如在线热迁移、快照和镜像等，这些功能可以提高数据的可靠性和可用性，同时也可以方便地进行系统维护和管理

1. 物理卷（Physical Volume）：在LVM中，物理卷是指一个物理硬盘、分区或者LUN（Logical Unit Number），它是LVM管理的最小单位，每个物理卷都有一个唯一的标识符UUID（Universally Unique Identifier）。
2. 卷组（Volume Group）：卷组是由一个或多个物理卷组成的逻辑组，它提供了一个抽象层，可以将多个物理卷组合成一个更大的存储池，以供逻辑卷使用。
3. 逻辑卷（Logical Volume）：逻辑卷是从卷组中分配出来的磁盘空间，它可以看作是一组连续的物理块（Physical Extents），逻辑卷也有一个唯一的标识符UUID。
4. 文件系统：在逻辑卷上创建文件系统，就可以在其中存储数据了。

## 2.LVM使用步骤

> 1. 创建物理卷：使用pvcreate命令将一个物理硬盘或分区初始化为一个物理卷。
> 2. 创建卷组：使用vgcreate命令将一个或多个物理卷组成一个卷组，指定卷组的名称和包含的物理卷。
> 3. 创建逻辑卷：使用lvcreate命令从卷组中分配一部分空间来创建一个逻辑卷。
> 4. 创建文件系统：使用mkfs命令在逻辑卷上创建文件系统。
> 5. 挂载逻辑卷：使用mount命令将逻辑卷挂载到文件系统中的一个目录下，使其可以被访问和使用。
> 6. 扩展逻辑卷：使用lvextend命令将逻辑卷扩展到更大的空间。
> 7. 缩小逻辑卷：使用lvreduce命令将逻辑卷缩小到更小的空间。
> 8. 移动逻辑卷：使用pvmove命令将逻辑卷从一个物理卷迁移到另一个物理卷上。
> 9. 删除逻辑卷：使用lvremove命令删除逻辑卷。
> 10. 删除卷组：使用vgremove命令删除卷组。
> 11. 删除物理卷：使用pvremove命令删除物理卷。

### Physical Extent(PE)

在真正操作前，我们先了解一个PE的概念：

> `LVM`（Logical Volume Manager）是一种在 Linux 操作系统上对硬盘进行管理和分区的工具，它可以将多个物理硬盘上的分区组合成一个或多个逻辑卷，并对逻辑卷进行动态扩展、收缩、备份等操作。`PE`（Physical Extent）是 LVM 中的一个重要概念，它表示物理卷（Physical Volume）上的`最小存储单位`。

在 LVM 中，物理卷被划分成一系列大小相同的 PE，每个 PE 的大小通常为 4MB 或 8MB。逻辑卷（Logical Volume）由一个或多个物理卷组成，可以由不同物理卷上的 PE 组成，这些 PE 可以来自同一个物理卷或不同的物理卷。在逻辑卷中，PE 是逻辑卷和物理卷之间的桥梁，它们提供了逻辑卷和物理卷之间的映射关系。

PE 的大小对 LVM 的性能和灵活性都有影响。如果 PE 太小，那么需要管理的 PE 数量就会增加，从而增加管理的复杂性和开销；如果 PE 太大，那么在进行调整时可能会浪费更多的空间。因此，在设计 LVM 时需要权衡 PE 大小和整个系统的需求。

### 创建Physical Volume

```bash
#首先，给磁盘sdb进行分区，分出一个sdb1的主分区
[root@centos8 ~]#fdisk /dev/sdb

[root@centos8 ~]#lsblk
NAME   MAJ:MIN RM  SIZE RO TYPE MOUNTPOINT
sda      8:0    0  200G  0 disk
├─sda1   8:1    0  100G  0 part /
├─sda2   8:2    0   50G  0 part /data
├─sda3   8:3    0    2G  0 part
├─sda4   8:4    0    1K  0 part
├─sda5   8:5    0    1G  0 part /boot
└─sda6   8:6    0    1M  0 part
sdb      8:16   0   20G  0 disk
└─sdb1   8:17   0    5G  0 part
sdc      8:32   0   10G  0 disk
sr0     11:0    1  9.5G  0 rom
sr1     11:1    1 10.1G  0 rom

#下面要将sdb1和sdc两个分区变成物理卷->卷组->逻辑卷
#1.创建物理卷(Physical Volume)
[root@centos8 ~]#pvcreate /dev/sd{b1,c}
  Cannot use /dev/sdc: device is partitioned
  Physical volume "/dev/sdb1" successfully created.
[root@centos8 ~]#

#之前sdc做过试验，所以创建失败了
#清空sdc，将分区表破坏即可
[root@centos8 ~]#dd if=/dev/zero of=/dev/sdc bs=1M count=1
1+0 records in
1+0 records out
1048576 bytes (1.0 MB, 1.0 MiB) copied, 0.00516282 s, 203 MB/s
[root@centos8 ~]#
[root@centos8 ~]#pvcreate /dev/sdc #创建成功
  Physical volume "/dev/sdc" successfully created.
[root@centos8 ~]#

#查看当前的Physical Volume
[root@centos8 ~]#pvs #简略的看
  PV         VG Fmt  Attr PSize  PFree
  /dev/sdb1     lvm2 ---   5.00g  5.00g
  /dev/sdc      lvm2 ---  10.00g 10.00g
[root@centos8 ~]#
#详细查看
[root@centos8 ~]#pvdisplay
  "/dev/sdb1" is a new physical volume of "5.00 GiB"
  --- NEW Physical volume ---
  PV Name               /dev/sdb1
  VG Name
  PV Size               5.00 GiB
  Allocatable           NO
  PE Size               0
  Total PE              0
  Free PE               0
  Allocated PE          0
  PV UUID               UxSQHV-bLEr-CgBf-jjnt-mKRA-zIb5-vaIVVO

  "/dev/sdc" is a new physical volume of "10.00 GiB"
  --- NEW Physical volume ---
  PV Name               /dev/sdc
  VG Name
  PV Size               10.00 GiB
  Allocatable           NO
  PE Size               0
  Total PE              0
  Free PE               0
  Allocated PE          0
  PV UUID               JwnWDk-7yAo-CAgL-Bxwm-ChZz-Vw00-YSMXK1

[root@centos8 ~]#


```

### 创建Volume Group

```bash
#创建卷组
[root@centos8 ~]#vgcreate vg0 /dev/sd{b1,c}  #vg0 自定义Volume Group的名称
  Volume group "vg0" successfully created
[root@centos8 ~]#
[root@centos8 ~]#pvdisplay
  --- Physical volume ---
  PV Name               /dev/sdb1
  VG Name               vg0		#已经显示了，之前查看是没有的
  PV Size               5.00 GiB / not usable 4.00 MiB
  Allocatable           yes
  PE Size               4.00 MiB	#已经有了PE的单位
  Total PE              1279	#总的PE数量
  Free PE               1279	#PE可用数量
  Allocated PE          0
  PV UUID               UxSQHV-bLEr-CgBf-jjnt-mKRA-zIb5-vaIVVO

  --- Physical volume ---
  PV Name               /dev/sdc
  VG Name               vg0
  PV Size               10.00 GiB / not usable 4.00 MiB
  Allocatable           yes
  PE Size               4.00 MiB
  Total PE              2559
  Free PE               2559
  Allocated PE          0
  PV UUID               JwnWDk-7yAo-CAgL-Bxwm-ChZz-Vw00-YSMXK1

[root@centos8 ~]#

#使用vg查看卷组
[root@centos8 ~]#vgdisplay
  --- Volume group ---
  VG Name               vg0
  System ID
  Format                lvm2
  Metadata Areas        2
  Metadata Sequence No  1
  VG Access             read/write
  VG Status             resizable
  MAX LV                0
  Cur LV                0
  Open LV               0
  Max PV                0
  Cur PV                2
  Act PV                2
  VG Size               14.99 GiB
  PE Size               4.00 MiB
  Total PE              3838
  Alloc PE / Size       0 / 0
  Free  PE / Size       3838 / 14.99 GiB
  VG UUID               V1oC8Y-vsey-pBJ4-O5Os-0CkR-LDCO-cZFRcY

[root@centos8 ~]#
```

### 创建Logical Volume

```bash
#创建mysql逻辑卷
# -n 指定逻辑卷的名称，-l 指定PE的数量，-L 指定大小，系统会自动计算PE个数 最后是创建好的卷组名称
[root@centos8 ~]#lvcreate -n mysql -L 1G vg0
  Logical volume "mysql" created.
[root@centos8 ~]#
[root@centos8 ~]#lvdisplay
  --- Logical volume ---
  LV Path                /dev/vg0/mysql
  LV Name                mysql
  VG Name                vg0
  LV UUID                WcD2fa-AyoA-yJgO-kjoN-wInb-pSQZ-aghCe5
  LV Write Access        read/write
  LV Creation host, time centos8.xingyuyu.com, 2023-03-08 22:37:10 +0800
  LV Status              available
  # open                 0
  LV Size                1.00 GiB
  Current LE             256	#逻辑卷里叫LE不叫PE，但指的是同一个东西
  Segments               1
  Allocation             inherit
  Read ahead sectors     auto
  - currently set to     8192
  Block device           253:0

[root@centos8 ~]#

#查看逻辑卷
[root@centos8 ~]#pvdisplay
  --- Physical volume ---
  PV Name               /dev/sdb1
  VG Name               vg0
  PV Size               5.00 GiB / not usable 4.00 MiB
  Allocatable           yes
  PE Size               4.00 MiB
  Total PE              1279	
  Free PE               1023	#发现可用变少了，说明创建的mysql逻辑卷使用的是sdb1这个分区，但是这个我们不关注
  Allocated PE          256
  PV UUID               UxSQHV-bLEr-CgBf-jjnt-mKRA-zIb5-vaIVVO

  --- Physical volume ---
  PV Name               /dev/sdc
  VG Name               vg0
  PV Size               10.00 GiB / not usable 4.00 MiB
  Allocatable           yes
  PE Size               4.00 MiB
  Total PE              2559
  Free PE               2559
  Allocated PE          0
  PV UUID               JwnWDk-7yAo-CAgL-Bxwm-ChZz-Vw00-YSMXK1

[root@centos8 ~]#

[root@centos8 ~]#vgdisplay
  --- Volume group ---
  VG Name               vg0
  System ID
  Format                lvm2
  Metadata Areas        2
  Metadata Sequence No  2
  VG Access             read/write
  VG Status             resizable
  MAX LV                0
  Cur LV                1
  Open LV               0
  Max PV                0
  Cur PV                2
  Act PV                2
  VG Size               14.99 GiB
  PE Size               4.00 MiB
  Total PE              3838
  Alloc PE / Size       256 / 1.00 GiB
  Free  PE / Size       3582 / 13.99 GiB
  VG UUID               V1oC8Y-vsey-pBJ4-O5Os-0CkR-LDCO-cZFRcY

[root@centos8 ~]#

#创建log逻辑卷
[root@centos8 ~]#lvcreate -n log -l 512 vg0
  Logical volume "log" created.
[root@centos8 ~]#lvdisplay
  --- Logical volume ---
  LV Path                /dev/vg0/mysql
  LV Name                mysql
  VG Name                vg0
  LV UUID                WcD2fa-AyoA-yJgO-kjoN-wInb-pSQZ-aghCe5
  LV Write Access        read/write
  LV Creation host, time centos8.xingyuyu.com, 2023-03-08 22:37:10 +0800
  LV Status              available
  # open                 0
  LV Size                1.00 GiB
  Current LE             256
  Segments               1
  Allocation             inherit
  Read ahead sectors     auto
  - currently set to     8192
  Block device           253:0

  --- Logical volume ---
  LV Path                /dev/vg0/log
  LV Name                log
  VG Name                vg0
  LV UUID                XYqOav-2gC7-bjMn-lujz-qlas-yXOX-bSLlic
  LV Write Access        read/write
  LV Creation host, time centos8.xingyuyu.com, 2023-03-08 22:44:10 +0800
  LV Status              available
  # open                 0
  LV Size                2.00 GiB
  Current LE             512
  Segments               1
  Allocation             inherit
  Read ahead sectors     auto
  - currently set to     8192
  Block device           253:1

[root@centos8 ~]#

#创建的逻辑卷有三种名字 dm-*系列
[root@centos8 ~]#ll /dev/dm*
brw-rw---- 1 root disk  253, 0 Mar  8 22:37 /dev/dm-0
brw-rw---- 1 root disk  253, 1 Mar  8 22:44 /dev/dm-1
crw-rw---- 1 root audio  14, 9 Mar  4 01:29 /dev/dmmidi
[root@centos8 ~]#
#mapper系列
[root@centos8 ~]#ll /dev/mapper/*
crw------- 1 root root 10, 236 Mar  8 22:37 /dev/mapper/control
lrwxrwxrwx 1 root root       7 Mar  8 22:44 /dev/mapper/vg0-log -> ../dm-1
lrwxrwxrwx 1 root root       7 Mar  8 22:37 /dev/mapper/vg0-mysql -> ../dm-0
[root@centos8 ~]#
#还有就是/dev/vg0/mysql,使用lvdisplay可以看到
```

### 创建文件系统

```bash
#对逻辑卷创建文件系统
[root@centos8 ~]#mkfs.ext4 /dev/vg0/mysql
mke2fs 1.45.6 (20-Mar-2020)
Creating filesystem with 262144 4k blocks and 65536 inodes
Filesystem UUID: 88b05bd0-f20f-473e-9bf4-1b1eeddd2771
Superblock backups stored on blocks:
	32768, 98304, 163840, 229376

Allocating group tables: done
Writing inode tables: done
Creating journal (8192 blocks): done
Writing superblocks and filesystem accounting information: done

[root@centos8 ~]#lsblk
NAME          MAJ:MIN RM  SIZE RO TYPE MOUNTPOINT
sda             8:0    0  200G  0 disk
├─sda1          8:1    0  100G  0 part /
├─sda2          8:2    0   50G  0 part /data
├─sda3          8:3    0    2G  0 part
├─sda4          8:4    0    1K  0 part
├─sda5          8:5    0    1G  0 part /boot
└─sda6          8:6    0    1M  0 part
sdb             8:16   0   20G  0 disk
└─sdb1          8:17   0    5G  0 part
  ├─vg0-mysql 253:0    0    1G  0 lvm
  └─vg0-log   253:1    0    2G  0 lvm
sdc             8:32   0   10G  0 disk
sr0            11:0    1  9.5G  0 rom
sr1            11:1    1 10.1G  0 rom
[root@centos8 ~]#blkid
/dev/sda1: UUID="ad19dd45-b7ee-485c-87e6-3c9bb8ec3996" BLOCK_SIZE="512" TYPE="xfs" PARTUUID="64f77bbe-01"
/dev/sda2: UUID="933c390a-5904-4b01-aa6a-447c771b7f08" BLOCK_SIZE="512" TYPE="xfs" PARTUUID="64f77bbe-02"
/dev/sda3: UUID="98f53a44-1fb7-4139-85c6-a3c2d1633cd7" TYPE="swap" PARTUUID="64f77bbe-03"
/dev/sda5: UUID="8fbb4a9c-1506-4c4a-889d-b78163091bb0" BLOCK_SIZE="4096" TYPE="ext4" PARTUUID="64f77bbe-05"
/dev/sr0: BLOCK_SIZE="2048" UUID="2020-11-02-15-15-23-00" LABEL="CentOS 7 x86_64" TYPE="iso9660" PTUUID="6b8b4567" PTTYPE="dos"
/dev/sr1: BLOCK_SIZE="2048" UUID="2021-11-13-01-04-26-00" LABEL="CentOS-8-5-2111-x86_64-dvd" TYPE="iso9660" PTUUID="5fb10f71" PTTYPE="dos"
/dev/sdb1: UUID="UxSQHV-bLEr-CgBf-jjnt-mKRA-zIb5-vaIVVO" TYPE="LVM2_member" PARTUUID="da250a9c-01"
/dev/sdc: UUID="JwnWDk-7yAo-CAgL-Bxwm-ChZz-Vw00-YSMXK1" TYPE="LVM2_member"
/dev/sda6: PARTUUID="64f77bbe-06"
/dev/mapper/vg0-mysql: UUID="88b05bd0-f20f-473e-9bf4-1b1eeddd2771" BLOCK_SIZE="4096" TYPE="ext4"
[root@centos8 ~]#
```

### 挂载

```bash
#创建挂载点
[root@centos8 ~]#mkdir /mnt/mysql

#添加配置
[root@centos8 ~]#vim /etc/fstab
#
# /etc/fstab
# Created by anaconda on Wed Apr 20 06:18:15 2022
#
# Accessible filesystems, by reference, are maintained under '/dev/disk/'.
# See man pages fstab(5), findfs(8), mount(8) and/or blkid(8) for more info.
#
# After editing this file, run 'systemctl daemon-reload' to update systemd
# units generated from this file.
#
UUID=ad19dd45-b7ee-485c-87e6-3c9bb8ec3996 /                       xfs     defaults        0 0
UUID=8fbb4a9c-1506-4c4a-889d-b78163091bb0 /boot                   ext4    defaults        1 2
UUID=933c390a-5904-4b01-aa6a-447c771b7f08 /data                   xfs     defaults        0 0
UUID=98f53a44-1fb7-4139-85c6-a3c2d1633cd7 none                    swap    defaults        0 0
#UUID=2d508d02-801c-411d-bbcb-471d18142dd3 /data/mysql             ext4    defaults        0 0
#UUID=515fb6d1-e7bd-4021-9863-5ca3d037e4d9 swap                    swap    defaults        0 0
/dev/vg0/mysql                             /mnt/mysql              ext4    defaults       0  0
[root@centos8 ~]#

#挂载
[root@centos8 ~]#mount -a

[root@centos8 ~]#lsblk -f
NAME          FSTYPE      LABEL                      UUID                                   MOUNTPOINT
sda
├─sda1        xfs                                    ad19dd45-b7ee-485c-87e6-3c9bb8ec3996   /
├─sda2        xfs                                    933c390a-5904-4b01-aa6a-447c771b7f08   /data
├─sda3        swap                                   98f53a44-1fb7-4139-85c6-a3c2d1633cd7
├─sda4
├─sda5        ext4                                   8fbb4a9c-1506-4c4a-889d-b78163091bb0   /boot
└─sda6
sdb
└─sdb1        LVM2_member                            UxSQHV-bLEr-CgBf-jjnt-mKRA-zIb5-vaIVVO
  ├─vg0-mysql ext4                                   88b05bd0-f20f-473e-9bf4-1b1eeddd2771   /mnt/mysql
  └─vg0-log
sdc           LVM2_member                            JwnWDk-7yAo-CAgL-Bxwm-ChZz-Vw00-YSMXK1
sr0           iso9660     CentOS 7 x86_64            2020-11-02-15-15-23-00
sr1           iso9660     CentOS-8-5-2111-x86_64-dvd 2021-11-13-01-04-26-00
[root@centos8 ~]#
```

### 测试

```bash
#往刚才创建好的逻辑卷里面拷贝一些文件
[root@centos8 ~]#cp /etc/fstab /mnt/mysql/
[root@centos8 ~]#ll /mnt/mysql/
total 20
-rw-r--r-- 1 root root  1006 Mar  8 22:49 fstab
drwx------ 2 root root 16384 Mar  8 22:46 lost+found
[root@centos8 ~]#

```

## 3.命令说明

### pvcreate

> 1. pvcreate是一个Linux命令，用于将一个或多个磁盘分区初始化为LVM物理卷（Physical Volume），以便将它们添加到逻辑卷管理器（Logical Volume Manager，LVM）中。
> 2. LVM是Linux操作系统中一种用于管理磁盘存储的技术，它能够将多个物理磁盘或分区组合成一个或多个逻辑卷组，并通过逻辑卷将逻辑卷组的存储空间分配给文件系统或应用程序

pvcreate命令的基本语法如下：

```css
pvcreate [选项] 物理卷名称
```

其中，选项包括：

- `-M`：指定物理卷的元数据备份位置，默认为/dev/null。
- `-v`：启用详细模式，显示创建过程中的详细信息。
- `-y`：跳过确认提示，直接执行命令。

下面是一个例子：

```css
pvcreate /dev/sdb1
```

这个命令会将/dev/sdb1分区初始化为一个LVM物理卷。在将分区初始化为物理卷之前，需要先确保这个分区上没有数据，否则数据将会被覆盖并丢失。

创建物理卷之后，就可以使用vgcreate命令创建逻辑卷组（Volume Group），并使用lvcreate命令创建逻辑卷（Logical Volume），最后使用mkfs命令为逻辑卷创建文件系统，并将逻辑卷挂载到文件系统中，使其可以被应用程序访问。

需要注意的是，pvcreate命令必须以root用户或拥有sudo权限的用户身份运行，否则会提示权限不足的错误信息.

### vgcreate

> 1. vgcreate是一个Linux命令，用于创建一个新的LVM卷组（Volume Group），可以将多个物理卷（Physical Volume）组合成一个逻辑卷组（Volume Group）来使用。
>
> 2. LVM（Logical Volume Manager）是Linux操作系统中一种用于管理磁盘存储的技术，它能够将多个物理磁盘或分区组合成一个或多个逻辑卷组，并通过逻辑卷（Logical Volume）将逻辑卷组的存储空间分配给文件系统或应用程序。

vgcreate命令的基本语法如下：

```css
vgcreate [选项] 卷组名称 物理卷名称
```

其中，选项包括：

- `-s`：指定PE（Physical Extent）的大小，默认为4MB。

下面是一个例子：

```css
vgcreate myvg /dev/sdb1 /dev/sdc1
```

这个命令会将/dev/sdb1和/dev/sdc1这两个物理卷组合成一个名为myvg的逻辑卷组。如果物理卷之前没有被初始化为LVM物理卷，则需要先运行pvcreate命令进行初始化。

创建逻辑卷组后，就可以使用lvcreate命令创建逻辑卷（Logical Volume），并使用mkfs命令为逻辑卷创建文件系统。然后，可以将逻辑卷挂载到文件系统中，使其可以被应用程序访问。

需要注意的是，vgcreate命令必须以root用户或拥有sudo权限的用户身份运行，否则会提示权限不足的错误信息

### lvcreate

> 1. lvcreate是一个Linux命令，用于创建一个新的逻辑卷（Logical Volume），将逻辑卷组（Volume Group）中的一部分存储空间分配给逻辑卷。
>
> 2. 逻辑卷是LVM中的一种逻辑存储单元，可以将其看作是类似于传统磁盘分区的一种存储单元，可以为其分配文件系统并挂载到系统中。

lvcreate命令的基本语法如下：

```css
lvcreate [选项] 卷组名称 -n 逻辑卷名称 -L 逻辑卷大小
```

其中，选项包括：

- `-l`：指定逻辑卷的大小为卷组中可用的物理卷数量，例如“-l 100%VG”表示将逻辑卷大小设置为卷组中可用物理卷的100%。
- `-n`：指定逻辑卷的名称。
- `-L`：指定逻辑卷的大小，单位为字节、千字节、兆字节或千兆字节，例如“-L 10G”表示将逻辑卷大小设置为10GB。

下面是一个例子：

```css
lvcreate -n mylv -L 10G myvg
```

这个命令会在名为myvg的逻辑卷组中创建一个名为mylv的逻辑卷，并将其大小设置为10GB。

创建逻辑卷之后，可以使用mkfs命令为逻辑卷创建文件系统，并使用mount命令将其挂载到文件系统中，使其可以被应用程序访问。

需要注意的是，lvcreate命令必须以root用户或拥有sudo权限的用户身份运行，否则会提示权限不足的错误信息。

### pvdisplay

> `pvdisplay`、`vgdisplay`、`lvdisplay`是Linux中常用的`LVM`（Logical Volume Manager）命令，用于显示物理卷、卷组和逻辑卷的信息。

pvdisplay命令用于显示系统中所有物理卷（Physical Volume）的详细信息，包括物理卷的名称、UUID、大小、状态等信息

pvdisplay命令的基本语法如下：

```css
pvdisplay [选项] [物理卷名称]
```

其中，选项包括：

- `-c`：以CSV格式显示物理卷信息。
- `-m`：显示物理卷的映射信息。
- `s`：以简洁格式显示物理卷信息

下面是一个例子：

```css
pvdisplay /dev/sdb1
或者
pvdisplay
```

### vgdisplay

> `vgdisplay`命令用于显示系统中所有逻辑卷组（Volume Group）的详细信息，包括逻辑卷组的名称、UUID、大小、状态等信息。

vgdisplay命令的基本语法如下：

```css
vgdisplay [选项] [卷组名称]
```

其中，选项包括：

- `-c`：以CSV格式显示逻辑卷组信息。
- `-s`：以简洁格式显示逻辑卷组信息。

### lvdisplay

> `lvdisplay`命令用于显示系统中所有逻辑卷（Logical Volume）的详细信息，包括逻辑卷的名称、UUID、大小、状态等信息。

lvdisplay命令的基本语法如下：

```css
lvdisplay [选项] [逻辑卷名称]
```

其中，选项包括：

- `-c`：以CSV格式显示逻辑卷信息。
- `-m`：显示逻辑卷的映射信息。
- `-s`：以简洁格式显示逻辑卷信息。

```css
lvdisplay /dev/vg0/mysql
```



